// Jest Snapshot v1, https://goo.gl/fbAQLP

exports[`makeInsidePolygon should correctly compute the polygon 1`] = `
Object {
  "geometry": Object {
    "coordinates": Array [
      Array [
        Array [
          0,
          0,
        ],
        Array [
          1,
          0,
        ],
        Array [
          1,
          1,
        ],
        Array [
          2,
          1,
        ],
        Array [
          2,
          2,
        ],
        Array [
          3,
          2,
        ],
        Array [
          3,
          3,
        ],
        Array [
          2,
          3,
        ],
        Array [
          2,
          4,
        ],
        Array [
          3,
          4,
        ],
        Array [
          3,
          7,
        ],
        Array [
          2,
          7,
        ],
        Array [
          1,
          7,
        ],
        Array [
          1,
          8,
        ],
        Array [
          0,
          8,
        ],
        Array [
          0,
          6,
        ],
        Array [
          1,
          6,
        ],
        Array [
          1,
          5,
        ],
        Array [
          0,
          5,
        ],
        Array [
          0,
          4,
        ],
        Array [
          1,
          4,
        ],
        Array [
          1,
          3,
        ],
        Array [
          0,
          3,
        ],
        Array [
          0,
          0,
        ],
      ],
    ],
    "type": "Polygon",
  },
  "properties": Object {},
  "type": "Feature",
}
`;

exports[`mergeBoxes should correctly reduce the boxes 1`] = `
Array [
  Array [
    0,
    0,
    1,
    3,
  ],
  Array [
    0,
    4,
    1,
    5,
  ],
  Array [
    0,
    6,
    1,
    8,
  ],
]
`;
