// Jest Snapshot v1, https://goo.gl/fbAQLP

exports[`rectangleDecomposition should return the expected output 1`] = `
Array [
  Array [
    2,
    41.54,
    2.04,
    41.58,
  ],
  Array [
    2.04,
    41.51,
    2.29,
    41.58,
  ],
  Array [
    2.09,
    41.47,
    2.29,
    41.51,
  ],
  Array [
    2,
    41.43,
    2.09,
    41.47,
  ],
  Array [
    2.09,
    41.4,
    2.39,
    41.47,
  ],
  Array [
    2.18,
    41.36,
    2.29,
    41.4,
  ],
  Array [
    2.29,
    41.51,
    2.34,
    41.61,
  ],
]
`;
